
Discarded input sections

 .text          0x00000000        0x0 src/USART_driver.o
 .data          0x00000000        0x0 src/USART_driver.o
 .bss           0x00000000        0x0 src/USART_driver.o
 .text          0x00000000        0x0 src/ASF/avr32/boards/evk1100/init.o
 .data          0x00000000        0x0 src/ASF/avr32/boards/evk1100/init.o
 .bss           0x00000000        0x0 src/ASF/avr32/boards/evk1100/init.o
 .debug_abbrev  0x00000000       0xae src/ASF/avr32/boards/evk1100/init.o
 .debug_info    0x00000000      0x16b src/ASF/avr32/boards/evk1100/init.o
 .debug_line    0x00000000      0x6f1 src/ASF/avr32/boards/evk1100/init.o
 .debug_macinfo
                0x00000000    0xeec47 src/ASF/avr32/boards/evk1100/init.o
 .text.board_init
                0x00000000       0xd8 src/ASF/avr32/boards/evk1100/init.o
 .rodata.AT45DBX_SPI_GPIO_MAP.10598
                0x00000000       0x20 src/ASF/avr32/boards/evk1100/init.o
 .rodata.SD_MMC_SPI_GPIO_MAP.10599
                0x00000000       0x20 src/ASF/avr32/boards/evk1100/init.o
 .rodata.TWI_GPIO_MAP.10600
                0x00000000       0x10 src/ASF/avr32/boards/evk1100/init.o
 .rodata.COMPORT_GPIO_MAP.10601
                0x00000000       0x10 src/ASF/avr32/boards/evk1100/init.o
 .rodata.COMPORT0_GPIO_MAP.10602
                0x00000000       0x10 src/ASF/avr32/boards/evk1100/init.o
 .debug_frame   0x00000000       0x2c src/ASF/avr32/boards/evk1100/init.o
 .debug_loc     0x00000000       0x2b src/ASF/avr32/boards/evk1100/init.o
 .debug_pubnames
                0x00000000       0x21 src/ASF/avr32/boards/evk1100/init.o
 .debug_aranges
                0x00000000       0x20 src/ASF/avr32/boards/evk1100/init.o
 .debug_ranges  0x00000000       0x18 src/ASF/avr32/boards/evk1100/init.o
 .debug_str     0x00000000      0x17f src/ASF/avr32/boards/evk1100/init.o
 .comment       0x00000000       0x31 src/ASF/avr32/boards/evk1100/init.o
 .text          0x00000000        0x0 src/ASF/avr32/boards/evk1100/led.o
 .data          0x00000000        0x0 src/ASF/avr32/boards/evk1100/led.o
 .bss           0x00000000        0x0 src/ASF/avr32/boards/evk1100/led.o
 .debug_abbrev  0x00000000      0x219 src/ASF/avr32/boards/evk1100/led.o
 .debug_info    0x00000000      0xf20 src/ASF/avr32/boards/evk1100/led.o
 .debug_line    0x00000000      0x7b7 src/ASF/avr32/boards/evk1100/led.o
 .debug_macinfo
                0x00000000    0xee010 src/ASF/avr32/boards/evk1100/led.o
 .rodata.LED_DESCRIPTOR
                0x00000000       0x80 src/ASF/avr32/boards/evk1100/led.o
 .data.LED_State
                0x00000000        0x4 src/ASF/avr32/boards/evk1100/led.o
 .text.LED_Read_Display
                0x00000000       0x14 src/ASF/avr32/boards/evk1100/led.o
 .text.LED_Display
                0x00000000       0xac src/ASF/avr32/boards/evk1100/led.o
 .text.LED_Read_Display_Mask
                0x00000000       0x24 src/ASF/avr32/boards/evk1100/led.o
 .text.LED_Display_Mask
                0x00000000      0x100 src/ASF/avr32/boards/evk1100/led.o
 .text.LED_Test
                0x00000000       0x28 src/ASF/avr32/boards/evk1100/led.o
 .text.LED_Off  0x00000000       0xb8 src/ASF/avr32/boards/evk1100/led.o
 .text.LED_On   0x00000000       0xb4 src/ASF/avr32/boards/evk1100/led.o
 .text.LED_Toggle
                0x00000000       0xb4 src/ASF/avr32/boards/evk1100/led.o
 .text.LED_Read_Display_Field
                0x00000000       0x30 src/ASF/avr32/boards/evk1100/led.o
 .text.LED_Display_Field
                0x00000000       0x38 src/ASF/avr32/boards/evk1100/led.o
 .text.LED_Get_Intensity
                0x00000000       0x84 src/ASF/avr32/boards/evk1100/led.o
 .text.LED_Set_Intensity
                0x00000000      0x168 src/ASF/avr32/boards/evk1100/led.o
 .debug_frame   0x00000000      0x160 src/ASF/avr32/boards/evk1100/led.o
 .debug_loc     0x00000000      0x204 src/ASF/avr32/boards/evk1100/led.o
 .debug_pubnames
                0x00000000       0xf6 src/ASF/avr32/boards/evk1100/led.o
 .debug_aranges
                0x00000000       0x78 src/ASF/avr32/boards/evk1100/led.o
 .debug_ranges  0x00000000       0x70 src/ASF/avr32/boards/evk1100/led.o
 .debug_str     0x00000000      0x4c0 src/ASF/avr32/boards/evk1100/led.o
 .comment       0x00000000       0x31 src/ASF/avr32/boards/evk1100/led.o
 .text          0x00000000        0x0 src/ASF/avr32/drivers/gpio/gpio.o
 .data          0x00000000        0x0 src/ASF/avr32/drivers/gpio/gpio.o
 .bss           0x00000000        0x0 src/ASF/avr32/drivers/gpio/gpio.o
 .debug_abbrev  0x00000000      0x1d6 src/ASF/avr32/drivers/gpio/gpio.o
 .debug_info    0x00000000      0xb34 src/ASF/avr32/drivers/gpio/gpio.o
 .debug_line    0x00000000      0x92a src/ASF/avr32/drivers/gpio/gpio.o
 .debug_macinfo
                0x00000000    0xec76d src/ASF/avr32/drivers/gpio/gpio.o
 .text.gpio_enable_module
                0x00000000       0x70 src/ASF/avr32/drivers/gpio/gpio.o
 .text.gpio_enable_module_pin
                0x00000000      0x110 src/ASF/avr32/drivers/gpio/gpio.o
 .text.gpio_enable_gpio
                0x00000000       0x50 src/ASF/avr32/drivers/gpio/gpio.o
 .text.gpio_enable_gpio_pin
                0x00000000       0x50 src/ASF/avr32/drivers/gpio/gpio.o
 .text.gpio_enable_pin_pull_up
                0x00000000       0x3a src/ASF/avr32/drivers/gpio/gpio.o
 .text.gpio_disable_pin_pull_up
                0x00000000       0x3a src/ASF/avr32/drivers/gpio/gpio.o
 .text.gpio_configure_pin
                0x00000000      0x1ae src/ASF/avr32/drivers/gpio/gpio.o
 .text.gpio_configure_group
                0x00000000      0x114 src/ASF/avr32/drivers/gpio/gpio.o
 .text.gpio_get_pin_value
                0x00000000       0x3c src/ASF/avr32/drivers/gpio/gpio.o
 .text.gpio_get_gpio_pin_output_value
                0x00000000       0x3c src/ASF/avr32/drivers/gpio/gpio.o
 .text.gpio_get_gpio_open_drain_pin_output_value
                0x00000000       0x3e src/ASF/avr32/drivers/gpio/gpio.o
 .text.gpio_set_gpio_pin
                0x00000000       0x68 src/ASF/avr32/drivers/gpio/gpio.o
 .text.gpio_set_pin_high
                0x00000000       0x3a src/ASF/avr32/drivers/gpio/gpio.o
 .text.gpio_set_group_high
                0x00000000       0x30 src/ASF/avr32/drivers/gpio/gpio.o
 .text.gpio_set_pin_low
                0x00000000       0x3a src/ASF/avr32/drivers/gpio/gpio.o
 .text.gpio_clr_gpio_pin
                0x00000000       0x68 src/ASF/avr32/drivers/gpio/gpio.o
 .text.gpio_set_group_low
                0x00000000       0x30 src/ASF/avr32/drivers/gpio/gpio.o
 .text.gpio_tgl_gpio_pin
                0x00000000       0x68 src/ASF/avr32/drivers/gpio/gpio.o
 .text.gpio_toggle_pin
                0x00000000       0x3a src/ASF/avr32/drivers/gpio/gpio.o
 .text.gpio_toggle_group
                0x00000000       0x30 src/ASF/avr32/drivers/gpio/gpio.o
 .text.gpio_set_gpio_open_drain_pin
                0x00000000       0x50 src/ASF/avr32/drivers/gpio/gpio.o
 .text.gpio_clr_gpio_open_drain_pin
                0x00000000       0x68 src/ASF/avr32/drivers/gpio/gpio.o
 .text.gpio_tgl_gpio_open_drain_pin
                0x00000000       0x68 src/ASF/avr32/drivers/gpio/gpio.o
 .text.gpio_enable_pin_glitch_filter
                0x00000000       0x3a src/ASF/avr32/drivers/gpio/gpio.o
 .text.gpio_disable_pin_glitch_filter
                0x00000000       0x3a src/ASF/avr32/drivers/gpio/gpio.o
 .text.gpio_configure_edge_detector
                0x00000000       0xd4 src/ASF/avr32/drivers/gpio/gpio.o
 .text.gpio_enable_pin_interrupt
                0x00000000       0x74 src/ASF/avr32/drivers/gpio/gpio.o
 .text.gpio_disable_pin_interrupt
                0x00000000       0x3a src/ASF/avr32/drivers/gpio/gpio.o
 .text.gpio_get_pin_interrupt_flag
                0x00000000       0x3e src/ASF/avr32/drivers/gpio/gpio.o
 .text.gpio_clear_pin_interrupt_flag
                0x00000000       0x3a src/ASF/avr32/drivers/gpio/gpio.o
 .debug_frame   0x00000000      0x358 src/ASF/avr32/drivers/gpio/gpio.o
 .debug_loc     0x00000000      0x50a src/ASF/avr32/drivers/gpio/gpio.o
 .debug_pubnames
                0x00000000      0x330 src/ASF/avr32/drivers/gpio/gpio.o
 .debug_aranges
                0x00000000      0x108 src/ASF/avr32/drivers/gpio/gpio.o
 .debug_ranges  0x00000000      0x100 src/ASF/avr32/drivers/gpio/gpio.o
 .debug_str     0x00000000      0x528 src/ASF/avr32/drivers/gpio/gpio.o
 .comment       0x00000000       0x31 src/ASF/avr32/drivers/gpio/gpio.o
 .text          0x00000000        0x0 src/ASF/avr32/drivers/intc/exception.o
 .data          0x00000000        0x0 src/ASF/avr32/drivers/intc/exception.o
 .bss           0x00000000        0x0 src/ASF/avr32/drivers/intc/exception.o
 .text          0x00000000        0x0 src/ASF/avr32/drivers/intc/intc.o
 .data          0x00000000        0x0 src/ASF/avr32/drivers/intc/intc.o
 .bss           0x00000000        0x0 src/ASF/avr32/drivers/intc/intc.o
 .text._unhandled_interrupt
                0x00000000        0x8 src/ASF/avr32/drivers/intc/intc.o
 .text.INTC_init_evba
                0x00000000       0x14 src/ASF/avr32/drivers/intc/intc.o
 .text.INTC_init_interrupts
                0x00000000       0x98 src/ASF/avr32/drivers/intc/intc.o
 .text.INTC_register_interrupt
                0x00000000       0xd4 src/ASF/avr32/drivers/intc/intc.o
 .text          0x00000000        0x0 src/ASF/avr32/utils/startup/startup_uc3.o
 .data          0x00000000        0x0 src/ASF/avr32/utils/startup/startup_uc3.o
 .bss           0x00000000        0x0 src/ASF/avr32/utils/startup/startup_uc3.o
 .text          0x00000000        0x0 src/ASF/avr32/utils/startup/trampoline_uc3.o
 .data          0x00000000        0x0 src/ASF/avr32/utils/startup/trampoline_uc3.o
 .bss           0x00000000        0x0 src/ASF/avr32/utils/startup/trampoline_uc3.o
 .text          0x00000000        0x0 src/main.o
 .data          0x00000000        0x0 src/main.o
 .bss           0x00000000        0x0 src/main.o
 .text.mdelay   0x00000000       0x26 src/main.o

Memory Configuration

Name             Origin             Length             Attributes
FLASH            0x80000000         0x00080000         axrl !w
INTRAM           0x00000004         0x0000fffc         axw !rl
USERPAGE         0x80800000         0x00000200
*default*        0x00000000         0xffffffff

Linker script and memory map

                0x00001000                _stack_size = 0x1000
LOAD src/USART_driver.o
LOAD src/ASF/avr32/boards/evk1100/init.o
LOAD src/ASF/avr32/boards/evk1100/led.o
LOAD src/ASF/avr32/drivers/gpio/gpio.o
LOAD src/ASF/avr32/drivers/intc/exception.o
LOAD src/ASF/avr32/drivers/intc/intc.o
LOAD src/ASF/avr32/utils/startup/startup_uc3.o
LOAD src/ASF/avr32/utils/startup/trampoline_uc3.o
LOAD src/main.o
START GROUP
LOAD c:/program files (x86)/atmel/studio/7.0/toolchain/avr32/avr32-gnu-toolchain/bin/../lib/gcc/avr32/4.4.7/../../../../avr32/lib/ucr2\libm.a
END GROUP
LOAD c:/program files (x86)/atmel/studio/7.0/toolchain/avr32/avr32-gnu-toolchain/bin/../lib/gcc/avr32/4.4.7/ucr2\libgcc.a
LOAD c:/program files (x86)/atmel/studio/7.0/toolchain/avr32/avr32-gnu-toolchain/bin/../lib/gcc/avr32/4.4.7/../../../../avr32/lib/ucr2\libc.a
LOAD c:/program files (x86)/atmel/studio/7.0/toolchain/avr32/avr32-gnu-toolchain/bin/../lib/gcc/avr32/4.4.7/ucr2\libgcc.a
                0xffffffff                __max_heap_size__ = 0xffffffff
                [0xffffffff]                __heap_size__ = DEFINED (__heap_size__)?__heap_size__:__max_heap_size__
                [0x00001000]                __stack_size__ = DEFINED (__stack_size__)?__stack_size__:0x1000
                0x80000000                PROVIDE (__executable_start, 0x80000000)
                0x80000000                . = 0x80000000

.interp
 *(.interp)

.reset          0x80000000     0x2008
 *(.reset)
 .reset         0x80000000        0x4 src/ASF/avr32/utils/startup/startup_uc3.o
                                  0x8 (size before relaxing)
                0x80000000                _start
 .reset         0x80000004     0x2004 src/ASF/avr32/utils/startup/trampoline_uc3.o
                               0x2008 (size before relaxing)
                0x80000004                _trampoline

.hash
 *(.hash)

.dynsym
 *(.dynsym)

.dynstr
 *(.dynstr)

.gnu.version
 *(.gnu.version)

.gnu.version_d
 *(.gnu.version_d)

.gnu.version_r
 *(.gnu.version_r)

.rel.init
 *(.rel.init)

.rela.init
 *(.rela.init)

.rel.text
 *(.rel.text .rel.text.* .rel.gnu.linkonce.t.*)

.rela.text
 *(.rela.text .rela.text.* .rela.gnu.linkonce.t.*)

.rel.fini
 *(.rel.fini)

.rela.fini
 *(.rela.fini)

.rel.rodata
 *(.rel.rodata .rel.rodata.* .rel.gnu.linkonce.r.*)

.rela.rodata
 *(.rela.rodata .rela.rodata.* .rela.gnu.linkonce.r.*)

.rel.data.rel.ro
 *(.rel.data.rel.ro*)

.rela.data.rel.ro
 *(.rel.data.rel.ro*)

.rel.data
 *(.rel.data .rel.data.* .rel.gnu.linkonce.d.*)

.rela.data
 *(.rela.data .rela.data.* .rela.gnu.linkonce.d.*)

.rel.tdata
 *(.rel.tdata .rel.tdata.* .rel.gnu.linkonce.td.*)

.rela.tdata
 *(.rela.tdata .rela.tdata.* .rela.gnu.linkonce.td.*)

.rel.tbss
 *(.rel.tbss .rel.tbss.* .rel.gnu.linkonce.tb.*)

.rela.tbss
 *(.rela.tbss .rela.tbss.* .rela.gnu.linkonce.tb.*)

.rel.ctors
 *(.rel.ctors)

.rela.ctors
 *(.rela.ctors)

.rel.dtors
 *(.rel.dtors)

.rela.dtors
 *(.rela.dtors)

.rel.got
 *(.rel.got)

.rela.got
 *(.rela.got)

.rel.bss
 *(.rel.bss .rel.bss.* .rel.gnu.linkonce.b.*)

.rela.bss
 *(.rela.bss .rela.bss.* .rela.gnu.linkonce.b.*)

.rel.plt
 *(.rel.plt)

.rela.plt
 *(.rela.plt)

.init
 *(.init)

.plt
 *(.plt)

.text           0x80002008      0x540
 *(.text .stub .text.* .gnu.linkonce.t.*)
 .text.USART_init
                0x80002008      0x258 src/USART_driver.o
                0x80002008                USART_init
 .text.USART_getChar
                0x80002260       0x32 src/USART_driver.o
                0x80002260                USART_getChar
 .text.USART_putChar
                0x80002292       0x40 src/USART_driver.o
                0x80002292                USART_putChar
 *fill*         0x800022d2        0x2 d703d703
 .text.USART_getString
                0x800022d4       0x8c src/USART_driver.o
                0x800022d4                USART_getString
 .text.USART_putString
                0x80002360       0x64 src/USART_driver.o
                0x80002360                USART_putString
 .text.USART_reset
                0x800023c4       0x28 src/USART_driver.o
                0x800023c4                USART_reset
 .text._get_interrupt_handler
                0x800023ec       0x70 src/ASF/avr32/drivers/intc/intc.o
                0x800023ec                _get_interrupt_handler
 .text._stext   0x8000245c       0x3c src/ASF/avr32/utils/startup/startup_uc3.o
                                 0x50 (size before relaxing)
                0x8000245c                _stext
 .text.initLED  0x80002498       0x38 src/main.o
                0x80002498                initLED
 .text.initButton
                0x800024d0       0x2c src/main.o
                0x800024d0                initButton
 .text.main     0x800024fc       0x4c src/main.o
                0x800024fc                main
 *(.text.*personality*)
 *(.gnu.warning)

.exception      0x80002600      0x200
 .exception     0x80002600      0x200 src/ASF/avr32/drivers/intc/exception.o
                0x80002600                _evba
                0x80002704                _int0
                0x80002710                _int1
                0x8000271c                _int2
                0x80002728                _int3

.fini
 *(.fini)
                0x80002800                PROVIDE (__etext, .)
                0x80002800                PROVIDE (_etext, .)
                0x80002800                PROVIDE (etext, .)

.rodata         0x80002800       0xa0
 *(.rodata .rodata.* .gnu.linkonce.r.*)
 .rodata._int_handler_table
                0x80002800       0xa0 src/ASF/avr32/drivers/intc/intc.o

.rodata1
 *(.rodata1)

.eh_frame_hdr
 *(.eh_frame_hdr)

.eh_frame
 *(.eh_frame)

.gcc_except_table
 *(.gcc_except_table)
 *(.gcc_except_table.*)

.lalign         0x800028a0        0x0
                0x800028a0                . = ALIGN (0x8)
                0x800028a0                PROVIDE (_data_lma, .)
                0x00000004                . = ORIGIN (INTRAM)

.dalign         0x00000004        0x4
                0x00000008                . = ALIGN (0x8)
 *fill*         0x00000004        0x4 
                0x00000008                PROVIDE (_data, .)

.eh_frame
 *(.eh_frame)

.gcc_except_table
 *(.gcc_except_table)
 *(.gcc_except_table.*)

.tdata
 *(.tdata .tdata.* .gnu.linkonce.td.*)

.tbss
 *(.tbss .tbss.* .gnu.linkonce.tb.*)
 *(.tcommon)
                0x00000008                PROVIDE (__preinit_array_start, ALIGN (0x4))

.preinit_array
 *(.preinit_array)
                0x00000008                PROVIDE (__preinit_array_end, .)
                0x00000008                PROVIDE (__init_array_start, .)

.init_array
 *(.init_array)
                0x00000008                PROVIDE (__init_array_end, .)
                0x00000008                PROVIDE (__fini_array_start, .)

.fini_array
 *(.fini_array)
                0x00000008                PROVIDE (__fini_array_end, .)

.ctors
 *crtbegin*.o(.ctors)
 *(EXCLUDE_FILE(*crtend*.o) .ctors)
 *(SORT(.ctors.*))
 *(.ctors)

.dtors
 *crtbegin*.o(.dtors)
 *(EXCLUDE_FILE(*crtend*.o) .dtors)
 *(SORT(.dtors.*))
 *(.dtors)

.jcr
 *(.jcr)

.data.rel.ro
 *(.data.rel.ro.local)
 *(.data.rel.ro*)

.dynamic
 *(.dynamic)

.got
 *(.got.plt)
 *(.got)

.ramtext
 *(.ramtext .ramtext.*)

.ddalign        0x00000008        0x0 load address 0x800028a0
                0x00000008                . = ALIGN (0x8)

.data
 *(.data .data.* .gnu.linkonce.d.*)
 *(.gnu.linkonce.d.*personality*)

.data1
 *(.data1)

.balign         0x00000008        0x0 load address 0x800028a0
                0x00000008                . = ALIGN (0x8)
                0x00000008                PROVIDE (_edata, .)
                0x00000008                PROVIDE (edata, .)
                0x00000008                __bss_start = .

.bss            0x00000008       0xf0
 *(.dynbss)
 *(.bss .bss.* .gnu.linkonce.b.*)
 .bss._int_line_handler_table_0
                0x00000008        0x4 src/ASF/avr32/drivers/intc/intc.o
 .bss._int_line_handler_table_1
                0x0000000c       0x2c src/ASF/avr32/drivers/intc/intc.o
 .bss._int_line_handler_table_2
                0x00000038       0x38 src/ASF/avr32/drivers/intc/intc.o
 .bss._int_line_handler_table_3
                0x00000070       0x3c src/ASF/avr32/drivers/intc/intc.o
 .bss._int_line_handler_table_4
                0x000000ac        0x4 src/ASF/avr32/drivers/intc/intc.o
 .bss._int_line_handler_table_5
                0x000000b0        0x4 src/ASF/avr32/drivers/intc/intc.o
 .bss._int_line_handler_table_6
                0x000000b4        0x4 src/ASF/avr32/drivers/intc/intc.o
 .bss._int_line_handler_table_7
                0x000000b8        0x4 src/ASF/avr32/drivers/intc/intc.o
 .bss._int_line_handler_table_8
                0x000000bc        0x4 src/ASF/avr32/drivers/intc/intc.o
 .bss._int_line_handler_table_9
                0x000000c0        0x4 src/ASF/avr32/drivers/intc/intc.o
 .bss._int_line_handler_table_10
                0x000000c4        0x4 src/ASF/avr32/drivers/intc/intc.o
 .bss._int_line_handler_table_11
                0x000000c8        0x4 src/ASF/avr32/drivers/intc/intc.o
 .bss._int_line_handler_table_12
                0x000000cc        0x4 src/ASF/avr32/drivers/intc/intc.o
 .bss._int_line_handler_table_13
                0x000000d0        0x4 src/ASF/avr32/drivers/intc/intc.o
 .bss._int_line_handler_table_14
                0x000000d4        0xc src/ASF/avr32/drivers/intc/intc.o
 .bss._int_line_handler_table_15
                0x000000e0        0x4 src/ASF/avr32/drivers/intc/intc.o
 .bss._int_line_handler_table_16
                0x000000e4        0x4 src/ASF/avr32/drivers/intc/intc.o
 .bss._int_line_handler_table_17
                0x000000e8        0x4 src/ASF/avr32/drivers/intc/intc.o
 .bss._int_line_handler_table_18
                0x000000ec        0x4 src/ASF/avr32/drivers/intc/intc.o
 .bss._int_line_handler_table_19
                0x000000f0        0x4 src/ASF/avr32/drivers/intc/intc.o
 *(COMMON)
                0x000000f8                . = ALIGN (0x8)
 *fill*         0x000000f4        0x4 
                0x000000f8                . = ALIGN (0x8)
                0x000000f8                _end = .
                0x000000f8                PROVIDE (end, .)
                0x000000f8                __heap_start__ = ALIGN (0x8)

.heap           0x000000f8     0xef08
 *(.heap)
                0x0000ef08                . = (__heap_size__ == __max_heap_size__)?(((ORIGIN (INTRAM) + 0xfffc) - __stack_size__) - ABSOLUTE (.)):__heap_size__
 *fill*         0x000000f8     0xef08 
                0x0000f000                __heap_end__ = .

.stab
 *(.stab)

.stabstr
 *(.stabstr)

.stab.excl
 *(.stab.excl)

.stab.exclstr
 *(.stab.exclstr)

.stab.index
 *(.stab.index)

.stab.indexstr
 *(.stab.indexstr)

.comment        0x00000000       0x30
 *(.comment)
 .comment       0x00000000       0x30 src/USART_driver.o
                                 0x31 (size before relaxing)
 .comment       0x00000000       0x31 src/ASF/avr32/drivers/intc/intc.o
 .comment       0x00000000       0x31 src/main.o

.debug
 *(.debug)

.line
 *(.line)

.debug_srcinfo
 *(.debug_srcinfo)

.debug_sfnames
 *(.debug_sfnames)

.debug_aranges  0x00000000      0x128
 *(.debug_aranges)
 .debug_aranges
                0x00000000       0x48 src/USART_driver.o
 .debug_aranges
                0x00000048       0x20 src/ASF/avr32/drivers/intc/exception.o
 .debug_aranges
                0x00000068       0x40 src/ASF/avr32/drivers/intc/intc.o
 .debug_aranges
                0x000000a8       0x28 src/ASF/avr32/utils/startup/startup_uc3.o
 .debug_aranges
                0x000000d0       0x20 src/ASF/avr32/utils/startup/trampoline_uc3.o
 .debug_aranges
                0x000000f0       0x38 src/main.o

.debug_pubnames
                0x00000000      0x120
 *(.debug_pubnames)
 .debug_pubnames
                0x00000000       0x7d src/USART_driver.o
 .debug_pubnames
                0x0000007d       0x62 src/ASF/avr32/drivers/intc/intc.o
 .debug_pubnames
                0x000000df       0x41 src/main.o

.debug_info     0x00000000     0x3428
 *(.debug_info .gnu.linkonce.wi.*)
 .debug_info    0x00000000     0x16b1 src/USART_driver.o
 .debug_info    0x000016b1       0x8c src/ASF/avr32/drivers/intc/exception.o
 .debug_info    0x0000173d      0x5b2 src/ASF/avr32/drivers/intc/intc.o
 .debug_info    0x00001cef       0x8b src/ASF/avr32/utils/startup/startup_uc3.o
 .debug_info    0x00001d7a       0x92 src/ASF/avr32/utils/startup/trampoline_uc3.o
 .debug_info    0x00001e0c     0x161c src/main.o

.debug_abbrev   0x00000000      0x53b
 *(.debug_abbrev)
 .debug_abbrev  0x00000000      0x1c6 src/USART_driver.o
 .debug_abbrev  0x000001c6       0x14 src/ASF/avr32/drivers/intc/exception.o
 .debug_abbrev  0x000001da      0x1b6 src/ASF/avr32/drivers/intc/intc.o
 .debug_abbrev  0x00000390       0x12 src/ASF/avr32/utils/startup/startup_uc3.o
 .debug_abbrev  0x000003a2       0x14 src/ASF/avr32/utils/startup/trampoline_uc3.o
 .debug_abbrev  0x000003b6      0x185 src/main.o

.debug_line     0x00000000     0x1746
 *(.debug_line)
 .debug_line    0x00000000      0x72e src/USART_driver.o
 .debug_line    0x0000072e      0x109 src/ASF/avr32/drivers/intc/exception.o
 .debug_line    0x00000837      0x6a9 src/ASF/avr32/drivers/intc/intc.o
 .debug_line    0x00000ee0       0xf2 src/ASF/avr32/utils/startup/startup_uc3.o
 .debug_line    0x00000fd2       0x67 src/ASF/avr32/utils/startup/trampoline_uc3.o
 .debug_line    0x00001039      0x70d src/main.o

.debug_frame    0x00000000      0x1d4
 *(.debug_frame)
 .debug_frame   0x00000000       0xb8 src/USART_driver.o
 .debug_frame   0x000000b8       0x9c src/ASF/avr32/drivers/intc/intc.o
 .debug_frame   0x00000154       0x80 src/main.o

.debug_str      0x00000000      0x9ee
 *(.debug_str)
 .debug_str     0x00000000      0x613 src/USART_driver.o
                                0x671 (size before relaxing)
 .debug_str     0x00000613      0x38c src/ASF/avr32/drivers/intc/intc.o
                                0x47c (size before relaxing)
 .debug_str     0x0000099f       0x4f src/main.o
                                0x633 (size before relaxing)

.debug_loc      0x00000000      0x285
 *(.debug_loc)
 .debug_loc     0x00000000      0x102 src/USART_driver.o
 .debug_loc     0x00000102       0xd7 src/ASF/avr32/drivers/intc/intc.o
 .debug_loc     0x000001d9       0xac src/main.o

.debug_macinfo  0x00000000   0x2c9389
 *(.debug_macinfo)
 .debug_macinfo
                0x00000000    0xedf88 src/USART_driver.o
 .debug_macinfo
                0x000edf88    0xec81a src/ASF/avr32/drivers/intc/intc.o
 .debug_macinfo
                0x001da7a2    0xeebe7 src/main.o

.debug_weaknames
 *(.debug_weaknames)

.debug_funcnames
 *(.debug_funcnames)

.debug_typenames
 *(.debug_typenames)

.debug_varnames
 *(.debug_varnames)

.stack          0x0000f000     0x1000
                0x0000f000                _stack = .
 *(.stack)
                0x00001000                . = __stack_size__
 *fill*         0x0000f000     0x1000 
                0x00010000                _estack = .

.userpage
 *(.userpage .userpage.*)

/DISCARD/
 *(.note.GNU-stack)
OUTPUT(Lab2.elf elf32-avr32)

.debug_ranges   0x00000000       0xc8
 .debug_ranges  0x00000000       0x40 src/USART_driver.o
 .debug_ranges  0x00000040       0x38 src/ASF/avr32/drivers/intc/intc.o
 .debug_ranges  0x00000078       0x20 src/ASF/avr32/utils/startup/startup_uc3.o
 .debug_ranges  0x00000098       0x30 src/main.o
