
Discarded input sections

 .text          0x00000000        0x0 src/ASF/avr32/drivers/tc/tc.o
 .data          0x00000000        0x0 src/ASF/avr32/drivers/tc/tc.o
 .bss           0x00000000        0x0 src/ASF/avr32/drivers/tc/tc.o
 .text.tc_get_interrupt_settings
                0x00000000       0x38 src/ASF/avr32/drivers/tc/tc.o
 .text.tc_select_external_clock
                0x00000000       0x66 src/ASF/avr32/drivers/tc/tc.o
 .text.tc_init_capture
                0x00000000       0xde src/ASF/avr32/drivers/tc/tc.o
 .text.tc_stop  0x00000000       0x3a src/ASF/avr32/drivers/tc/tc.o
 .text.tc_software_trigger
                0x00000000       0x3a src/ASF/avr32/drivers/tc/tc.o
 .text.tc_sync_trigger
                0x00000000       0x1c src/ASF/avr32/drivers/tc/tc.o
 .text.tc_sync_start
                0x00000000       0x4a src/ASF/avr32/drivers/tc/tc.o
 .text.tc_read_tc
                0x00000000       0x3e src/ASF/avr32/drivers/tc/tc.o
 .text.tc_read_ra
                0x00000000       0x3c src/ASF/avr32/drivers/tc/tc.o
 .text.tc_read_rb
                0x00000000       0x3c src/ASF/avr32/drivers/tc/tc.o
 .text.tc_read_rc
                0x00000000       0x3c src/ASF/avr32/drivers/tc/tc.o
 .text.tc_write_ra
                0x00000000       0x78 src/ASF/avr32/drivers/tc/tc.o
 .text.tc_write_rb
                0x00000000       0x78 src/ASF/avr32/drivers/tc/tc.o
 .data          0x00000000        0x0 src/stopwatch.o
 .bss           0x00000000        0x0 src/stopwatch.o
 .text          0x00000000        0x0 src/TC_driver.o
 .data          0x00000000        0x0 src/TC_driver.o
 .bss           0x00000000        0x0 src/TC_driver.o
 .text          0x00000000        0x0 src/USART_driver.o
 .data          0x00000000        0x0 src/USART_driver.o
 .bss           0x00000000        0x0 src/USART_driver.o
 .text.USART_getString
                0x00000000       0x8c src/USART_driver.o
 .text.USART_putInt
                0x00000000       0xbc src/USART_driver.o
 .text          0x00000000        0x0 src/ASF/avr32/boards/evk1100/init.o
 .data          0x00000000        0x0 src/ASF/avr32/boards/evk1100/init.o
 .bss           0x00000000        0x0 src/ASF/avr32/boards/evk1100/init.o
 .debug_abbrev  0x00000000       0xae src/ASF/avr32/boards/evk1100/init.o
 .debug_info    0x00000000      0x16b src/ASF/avr32/boards/evk1100/init.o
 .debug_line    0x00000000      0x6f1 src/ASF/avr32/boards/evk1100/init.o
 .debug_macinfo
                0x00000000    0xeec47 src/ASF/avr32/boards/evk1100/init.o
 .text.board_init
                0x00000000       0xd8 src/ASF/avr32/boards/evk1100/init.o
 .rodata.AT45DBX_SPI_GPIO_MAP.10598
                0x00000000       0x20 src/ASF/avr32/boards/evk1100/init.o
 .rodata.SD_MMC_SPI_GPIO_MAP.10599
                0x00000000       0x20 src/ASF/avr32/boards/evk1100/init.o
 .rodata.TWI_GPIO_MAP.10600
                0x00000000       0x10 src/ASF/avr32/boards/evk1100/init.o
 .rodata.COMPORT_GPIO_MAP.10601
                0x00000000       0x10 src/ASF/avr32/boards/evk1100/init.o
 .rodata.COMPORT0_GPIO_MAP.10602
                0x00000000       0x10 src/ASF/avr32/boards/evk1100/init.o
 .debug_frame   0x00000000       0x2c src/ASF/avr32/boards/evk1100/init.o
 .debug_loc     0x00000000       0x2b src/ASF/avr32/boards/evk1100/init.o
 .debug_pubnames
                0x00000000       0x21 src/ASF/avr32/boards/evk1100/init.o
 .debug_aranges
                0x00000000       0x20 src/ASF/avr32/boards/evk1100/init.o
 .debug_ranges  0x00000000       0x18 src/ASF/avr32/boards/evk1100/init.o
 .debug_str     0x00000000      0x17f src/ASF/avr32/boards/evk1100/init.o
 .comment       0x00000000       0x31 src/ASF/avr32/boards/evk1100/init.o
 .text          0x00000000        0x0 src/ASF/avr32/boards/evk1100/led.o
 .data          0x00000000        0x0 src/ASF/avr32/boards/evk1100/led.o
 .bss           0x00000000        0x0 src/ASF/avr32/boards/evk1100/led.o
 .debug_abbrev  0x00000000      0x219 src/ASF/avr32/boards/evk1100/led.o
 .debug_info    0x00000000      0xf20 src/ASF/avr32/boards/evk1100/led.o
 .debug_line    0x00000000      0x7b7 src/ASF/avr32/boards/evk1100/led.o
 .debug_macinfo
                0x00000000    0xee010 src/ASF/avr32/boards/evk1100/led.o
 .rodata.LED_DESCRIPTOR
                0x00000000       0x80 src/ASF/avr32/boards/evk1100/led.o
 .data.LED_State
                0x00000000        0x4 src/ASF/avr32/boards/evk1100/led.o
 .text.LED_Read_Display
                0x00000000       0x14 src/ASF/avr32/boards/evk1100/led.o
 .text.LED_Display
                0x00000000       0xac src/ASF/avr32/boards/evk1100/led.o
 .text.LED_Read_Display_Mask
                0x00000000       0x24 src/ASF/avr32/boards/evk1100/led.o
 .text.LED_Display_Mask
                0x00000000      0x100 src/ASF/avr32/boards/evk1100/led.o
 .text.LED_Test
                0x00000000       0x28 src/ASF/avr32/boards/evk1100/led.o
 .text.LED_Off  0x00000000       0xb8 src/ASF/avr32/boards/evk1100/led.o
 .text.LED_On   0x00000000       0xb4 src/ASF/avr32/boards/evk1100/led.o
 .text.LED_Toggle
                0x00000000       0xb4 src/ASF/avr32/boards/evk1100/led.o
 .text.LED_Read_Display_Field
                0x00000000       0x30 src/ASF/avr32/boards/evk1100/led.o
 .text.LED_Display_Field
                0x00000000       0x38 src/ASF/avr32/boards/evk1100/led.o
 .text.LED_Get_Intensity
                0x00000000       0x84 src/ASF/avr32/boards/evk1100/led.o
 .text.LED_Set_Intensity
                0x00000000      0x168 src/ASF/avr32/boards/evk1100/led.o
 .debug_frame   0x00000000      0x160 src/ASF/avr32/boards/evk1100/led.o
 .debug_loc     0x00000000      0x204 src/ASF/avr32/boards/evk1100/led.o
 .debug_pubnames
                0x00000000       0xf6 src/ASF/avr32/boards/evk1100/led.o
 .debug_aranges
                0x00000000       0x78 src/ASF/avr32/boards/evk1100/led.o
 .debug_ranges  0x00000000       0x70 src/ASF/avr32/boards/evk1100/led.o
 .debug_str     0x00000000      0x4c0 src/ASF/avr32/boards/evk1100/led.o
 .comment       0x00000000       0x31 src/ASF/avr32/boards/evk1100/led.o
 .text          0x00000000        0x0 src/ASF/avr32/drivers/gpio/gpio.o
 .data          0x00000000        0x0 src/ASF/avr32/drivers/gpio/gpio.o
 .bss           0x00000000        0x0 src/ASF/avr32/drivers/gpio/gpio.o
 .debug_abbrev  0x00000000      0x1d6 src/ASF/avr32/drivers/gpio/gpio.o
 .debug_info    0x00000000      0xb34 src/ASF/avr32/drivers/gpio/gpio.o
 .debug_line    0x00000000      0x92a src/ASF/avr32/drivers/gpio/gpio.o
 .debug_macinfo
                0x00000000    0xec76d src/ASF/avr32/drivers/gpio/gpio.o
 .text.gpio_enable_module
                0x00000000       0x70 src/ASF/avr32/drivers/gpio/gpio.o
 .text.gpio_enable_module_pin
                0x00000000      0x110 src/ASF/avr32/drivers/gpio/gpio.o
 .text.gpio_enable_gpio
                0x00000000       0x50 src/ASF/avr32/drivers/gpio/gpio.o
 .text.gpio_enable_gpio_pin
                0x00000000       0x50 src/ASF/avr32/drivers/gpio/gpio.o
 .text.gpio_enable_pin_pull_up
                0x00000000       0x3a src/ASF/avr32/drivers/gpio/gpio.o
 .text.gpio_disable_pin_pull_up
                0x00000000       0x3a src/ASF/avr32/drivers/gpio/gpio.o
 .text.gpio_configure_pin
                0x00000000      0x1ae src/ASF/avr32/drivers/gpio/gpio.o
 .text.gpio_configure_group
                0x00000000      0x114 src/ASF/avr32/drivers/gpio/gpio.o
 .text.gpio_get_pin_value
                0x00000000       0x3c src/ASF/avr32/drivers/gpio/gpio.o
 .text.gpio_get_gpio_pin_output_value
                0x00000000       0x3c src/ASF/avr32/drivers/gpio/gpio.o
 .text.gpio_get_gpio_open_drain_pin_output_value
                0x00000000       0x3e src/ASF/avr32/drivers/gpio/gpio.o
 .text.gpio_set_gpio_pin
                0x00000000       0x68 src/ASF/avr32/drivers/gpio/gpio.o
 .text.gpio_set_pin_high
                0x00000000       0x3a src/ASF/avr32/drivers/gpio/gpio.o
 .text.gpio_set_group_high
                0x00000000       0x30 src/ASF/avr32/drivers/gpio/gpio.o
 .text.gpio_set_pin_low
                0x00000000       0x3a src/ASF/avr32/drivers/gpio/gpio.o
 .text.gpio_clr_gpio_pin
                0x00000000       0x68 src/ASF/avr32/drivers/gpio/gpio.o
 .text.gpio_set_group_low
                0x00000000       0x30 src/ASF/avr32/drivers/gpio/gpio.o
 .text.gpio_tgl_gpio_pin
                0x00000000       0x68 src/ASF/avr32/drivers/gpio/gpio.o
 .text.gpio_toggle_pin
                0x00000000       0x3a src/ASF/avr32/drivers/gpio/gpio.o
 .text.gpio_toggle_group
                0x00000000       0x30 src/ASF/avr32/drivers/gpio/gpio.o
 .text.gpio_set_gpio_open_drain_pin
                0x00000000       0x50 src/ASF/avr32/drivers/gpio/gpio.o
 .text.gpio_clr_gpio_open_drain_pin
                0x00000000       0x68 src/ASF/avr32/drivers/gpio/gpio.o
 .text.gpio_tgl_gpio_open_drain_pin
                0x00000000       0x68 src/ASF/avr32/drivers/gpio/gpio.o
 .text.gpio_enable_pin_glitch_filter
                0x00000000       0x3a src/ASF/avr32/drivers/gpio/gpio.o
 .text.gpio_disable_pin_glitch_filter
                0x00000000       0x3a src/ASF/avr32/drivers/gpio/gpio.o
 .text.gpio_configure_edge_detector
                0x00000000       0xd4 src/ASF/avr32/drivers/gpio/gpio.o
 .text.gpio_enable_pin_interrupt
                0x00000000       0x74 src/ASF/avr32/drivers/gpio/gpio.o
 .text.gpio_disable_pin_interrupt
                0x00000000       0x3a src/ASF/avr32/drivers/gpio/gpio.o
 .text.gpio_get_pin_interrupt_flag
                0x00000000       0x3e src/ASF/avr32/drivers/gpio/gpio.o
 .text.gpio_clear_pin_interrupt_flag
                0x00000000       0x3a src/ASF/avr32/drivers/gpio/gpio.o
 .debug_frame   0x00000000      0x358 src/ASF/avr32/drivers/gpio/gpio.o
 .debug_loc     0x00000000      0x50a src/ASF/avr32/drivers/gpio/gpio.o
 .debug_pubnames
                0x00000000      0x330 src/ASF/avr32/drivers/gpio/gpio.o
 .debug_aranges
                0x00000000      0x108 src/ASF/avr32/drivers/gpio/gpio.o
 .debug_ranges  0x00000000      0x100 src/ASF/avr32/drivers/gpio/gpio.o
 .debug_str     0x00000000      0x528 src/ASF/avr32/drivers/gpio/gpio.o
 .comment       0x00000000       0x31 src/ASF/avr32/drivers/gpio/gpio.o
 .text          0x00000000        0x0 src/ASF/avr32/drivers/intc/exception.o
 .data          0x00000000        0x0 src/ASF/avr32/drivers/intc/exception.o
 .bss           0x00000000        0x0 src/ASF/avr32/drivers/intc/exception.o
 .text          0x00000000        0x0 src/ASF/avr32/drivers/intc/intc.o
 .data          0x00000000        0x0 src/ASF/avr32/drivers/intc/intc.o
 .bss           0x00000000        0x0 src/ASF/avr32/drivers/intc/intc.o
 .text          0x00000000        0x0 src/ASF/avr32/utils/startup/startup_uc3.o
 .data          0x00000000        0x0 src/ASF/avr32/utils/startup/startup_uc3.o
 .bss           0x00000000        0x0 src/ASF/avr32/utils/startup/startup_uc3.o
 .text          0x00000000        0x0 src/ASF/avr32/utils/startup/trampoline_uc3.o
 .data          0x00000000        0x0 src/ASF/avr32/utils/startup/trampoline_uc3.o
 .bss           0x00000000        0x0 src/ASF/avr32/utils/startup/trampoline_uc3.o
 .text          0x00000000        0x0 src/main.o
 .data          0x00000000        0x0 src/main.o
 .bss           0x00000000        0x0 src/main.o
 .text.mdelay   0x00000000       0x26 src/main.o

Memory Configuration

Name             Origin             Length             Attributes
FLASH            0x80000000         0x00080000         axrl !w
INTRAM           0x00000004         0x0000fffc         axw !rl
USERPAGE         0x80800000         0x00000200
*default*        0x00000000         0xffffffff

Linker script and memory map

                0x00001000                _stack_size = 0x1000
LOAD src/ASF/avr32/drivers/tc/tc.o
LOAD src/stopwatch.o
LOAD src/TC_driver.o
LOAD src/USART_driver.o
LOAD src/ASF/avr32/boards/evk1100/init.o
LOAD src/ASF/avr32/boards/evk1100/led.o
LOAD src/ASF/avr32/drivers/gpio/gpio.o
LOAD src/ASF/avr32/drivers/intc/exception.o
LOAD src/ASF/avr32/drivers/intc/intc.o
LOAD src/ASF/avr32/utils/startup/startup_uc3.o
LOAD src/ASF/avr32/utils/startup/trampoline_uc3.o
LOAD src/main.o
START GROUP
LOAD c:/program files (x86)/atmel/studio/7.0/toolchain/avr32/avr32-gnu-toolchain/bin/../lib/gcc/avr32/4.4.7/../../../../avr32/lib/ucr2\libm.a
END GROUP
LOAD c:/program files (x86)/atmel/studio/7.0/toolchain/avr32/avr32-gnu-toolchain/bin/../lib/gcc/avr32/4.4.7/ucr2\libgcc.a
LOAD c:/program files (x86)/atmel/studio/7.0/toolchain/avr32/avr32-gnu-toolchain/bin/../lib/gcc/avr32/4.4.7/../../../../avr32/lib/ucr2\libc.a
LOAD c:/program files (x86)/atmel/studio/7.0/toolchain/avr32/avr32-gnu-toolchain/bin/../lib/gcc/avr32/4.4.7/ucr2\libgcc.a
                0xffffffff                __max_heap_size__ = 0xffffffff
                [0xffffffff]                __heap_size__ = DEFINED (__heap_size__)?__heap_size__:__max_heap_size__
                [0x00001000]                __stack_size__ = DEFINED (__stack_size__)?__stack_size__:0x1000
                0x80000000                PROVIDE (__executable_start, 0x80000000)
                0x80000000                . = 0x80000000

.interp
 *(.interp)

.reset          0x80000000     0x2008
 *(.reset)
 .reset         0x80000000        0x4 src/ASF/avr32/utils/startup/startup_uc3.o
                                  0x8 (size before relaxing)
                0x80000000                _start
 .reset         0x80000004     0x2004 src/ASF/avr32/utils/startup/trampoline_uc3.o
                               0x2008 (size before relaxing)
                0x80000004                _trampoline

.hash
 *(.hash)

.dynsym
 *(.dynsym)

.dynstr
 *(.dynstr)

.gnu.version
 *(.gnu.version)

.gnu.version_d
 *(.gnu.version_d)

.gnu.version_r
 *(.gnu.version_r)

.rel.init
 *(.rel.init)

.rela.init
 *(.rela.init)

.rel.text
 *(.rel.text .rel.text.* .rel.gnu.linkonce.t.*)

.rela.text
 *(.rela.text .rela.text.* .rela.gnu.linkonce.t.*)

.rel.fini
 *(.rel.fini)

.rela.fini
 *(.rela.fini)

.rel.rodata
 *(.rel.rodata .rel.rodata.* .rel.gnu.linkonce.r.*)

.rela.rodata
 *(.rela.rodata .rela.rodata.* .rela.gnu.linkonce.r.*)

.rel.data.rel.ro
 *(.rel.data.rel.ro*)

.rela.data.rel.ro
 *(.rel.data.rel.ro*)

.rel.data
 *(.rel.data .rel.data.* .rel.gnu.linkonce.d.*)

.rela.data
 *(.rela.data .rela.data.* .rela.gnu.linkonce.d.*)

.rel.tdata
 *(.rel.tdata .rel.tdata.* .rel.gnu.linkonce.td.*)

.rela.tdata
 *(.rela.tdata .rela.tdata.* .rela.gnu.linkonce.td.*)

.rel.tbss
 *(.rel.tbss .rel.tbss.* .rel.gnu.linkonce.tb.*)

.rela.tbss
 *(.rela.tbss .rela.tbss.* .rela.gnu.linkonce.tb.*)

.rel.ctors
 *(.rel.ctors)

.rela.ctors
 *(.rela.ctors)

.rel.dtors
 *(.rel.dtors)

.rela.dtors
 *(.rela.dtors)

.rel.got
 *(.rel.got)

.rela.got
 *(.rela.got)

.rel.bss
 *(.rel.bss .rel.bss.* .rel.gnu.linkonce.b.*)

.rela.bss
 *(.rela.bss .rela.bss.* .rela.gnu.linkonce.b.*)

.rel.plt
 *(.rel.plt)

.rela.plt
 *(.rela.plt)

.init
 *(.init)

.plt
 *(.plt)

.text           0x80002008      0xf0c
 *(.text .stub .text.* .gnu.linkonce.t.*)
 .text.cpu_irq_is_enabled_flags
                0x80002008       0x20 src/ASF/avr32/drivers/tc/tc.o
 .text.tc_configure_interrupts
                0x80002028      0x1e8 src/ASF/avr32/drivers/tc/tc.o
                0x80002028                tc_configure_interrupts
 .text.tc_init_waveform
                0x80002210      0x154 src/ASF/avr32/drivers/tc/tc.o
                0x80002210                tc_init_waveform
 .text.tc_start
                0x80002364       0x3a src/ASF/avr32/drivers/tc/tc.o
                0x80002364                tc_start
 .text.tc_read_sr
                0x8000239e       0x3a src/ASF/avr32/drivers/tc/tc.o
                0x8000239e                tc_read_sr
 .text.tc_write_rc
                0x800023d8       0x78 src/ASF/avr32/drivers/tc/tc.o
                0x800023d8                tc_write_rc
 .text          0x80002450        0x4 src/stopwatch.o
 .text.stopwatch_init
                0x80002454       0x1c src/stopwatch.o
                0x80002454                stopwatch_init
 .text.startTimer
                0x80002470       0x3c src/stopwatch.o
                0x80002470                startTimer
 .text.stopTimer
                0x800024ac       0x3c src/stopwatch.o
                0x800024ac                stopTimer
 .text.resetTimer
                0x800024e8       0x38 src/stopwatch.o
                0x800024e8                resetTimer
 .text.checkInput
                0x80002520       0x80 src/stopwatch.o
                0x80002520                checkInput
 .text.displayTime
                0x800025a0       0x58 src/stopwatch.o
                0x800025a0                displayTime
 .text.initLED  0x800025f8       0x7c src/stopwatch.o
                0x800025f8                initLED
 .text.update_time
                0x80002674      0x12a src/TC_driver.o
                0x80002674                update_time
 *fill*         0x8000279e        0x2 d703d703
 .text.tc_irq_handler
                0x800027a0       0x34 src/TC_driver.o
 .text.tc_init  0x800027d4       0x78 src/TC_driver.o
                0x800027d4                tc_init
 .text.USART_init
                0x8000284c      0x258 src/USART_driver.o
                0x8000284c                USART_init
 .text.USART_getChar
                0x80002aa4       0x32 src/USART_driver.o
                0x80002aa4                USART_getChar
 .text.USART_putChar
                0x80002ad6       0x40 src/USART_driver.o
                0x80002ad6                USART_putChar
 *fill*         0x80002b16        0x2 d703d703
 .text.USART_putString
                0x80002b18       0x64 src/USART_driver.o
                0x80002b18                USART_putString
 .text.USART_put2Int
                0x80002b7c       0xa4 src/USART_driver.o
                0x80002b7c                USART_put2Int
 .text.USART_reset
                0x80002c20       0x28 src/USART_driver.o
                0x80002c20                USART_reset
 .text._unhandled_interrupt
                0x80002c48        0x8 src/ASF/avr32/drivers/intc/intc.o
 .text._get_interrupt_handler
                0x80002c50       0x70 src/ASF/avr32/drivers/intc/intc.o
                0x80002c50                _get_interrupt_handler
 .text.INTC_init_evba
                0x80002cc0       0x14 src/ASF/avr32/drivers/intc/intc.o
 .text.INTC_init_interrupts
                0x80002cd4       0x98 src/ASF/avr32/drivers/intc/intc.o
                0x80002cd4                INTC_init_interrupts
 .text.INTC_register_interrupt
                0x80002d6c       0xd4 src/ASF/avr32/drivers/intc/intc.o
                0x80002d6c                INTC_register_interrupt
 .text._stext   0x80002e40       0x3c src/ASF/avr32/utils/startup/startup_uc3.o
                                 0x50 (size before relaxing)
                0x80002e40                _stext
 .text.main     0x80002e7c       0x98 src/main.o
                0x80002e7c                main
 *(.text.*personality*)
 *(.gnu.warning)

.exception      0x80003000      0x200
 .exception     0x80003000      0x200 src/ASF/avr32/drivers/intc/exception.o
                0x80003000                _evba
                0x80003104                _int0
                0x80003112                _int1
                0x80003120                _int2
                0x8000312e                _int3

.fini
 *(.fini)
                0x80003200                PROVIDE (__etext, .)
                0x80003200                PROVIDE (_etext, .)
                0x80003200                PROVIDE (etext, .)

.rodata         0x80003200       0xac
 *(.rodata .rodata.* .gnu.linkonce.r.*)
 .rodata.waveform_opt.10563
                0x80003200        0x8 src/TC_driver.o
 .rodata.tc_interrupt.10564
                0x80003208        0x4 src/TC_driver.o
 .rodata._int_handler_table
                0x8000320c       0xa0 src/ASF/avr32/drivers/intc/intc.o

.rodata1
 *(.rodata1)

.eh_frame_hdr
 *(.eh_frame_hdr)

.eh_frame
 *(.eh_frame)

.gcc_except_table
 *(.gcc_except_table)
 *(.gcc_except_table.*)

.lalign         0x800032ac        0x4
                0x800032b0                . = ALIGN (0x8)
 *fill*         0x800032ac        0x4 
                0x800032b0                PROVIDE (_data_lma, .)
                0x00000004                . = ORIGIN (INTRAM)

.dalign         0x00000004        0x4
                0x00000008                . = ALIGN (0x8)
 *fill*         0x00000004        0x4 
                0x00000008                PROVIDE (_data, .)

.eh_frame
 *(.eh_frame)

.gcc_except_table
 *(.gcc_except_table)
 *(.gcc_except_table.*)

.tdata
 *(.tdata .tdata.* .gnu.linkonce.td.*)

.tbss
 *(.tbss .tbss.* .gnu.linkonce.tb.*)
 *(.tcommon)
                0x00000008                PROVIDE (__preinit_array_start, ALIGN (0x4))

.preinit_array
 *(.preinit_array)
                0x00000008                PROVIDE (__preinit_array_end, .)
                0x00000008                PROVIDE (__init_array_start, .)

.init_array
 *(.init_array)
                0x00000008                PROVIDE (__init_array_end, .)
                0x00000008                PROVIDE (__fini_array_start, .)

.fini_array
 *(.fini_array)
                0x00000008                PROVIDE (__fini_array_end, .)

.ctors
 *crtbegin*.o(.ctors)
 *(EXCLUDE_FILE(*crtend*.o) .ctors)
 *(SORT(.ctors.*))
 *(.ctors)

.dtors
 *crtbegin*.o(.dtors)
 *(EXCLUDE_FILE(*crtend*.o) .dtors)
 *(SORT(.dtors.*))
 *(.dtors)

.jcr
 *(.jcr)

.data.rel.ro
 *(.data.rel.ro.local)
 *(.data.rel.ro*)

.dynamic
 *(.dynamic)

.got
 *(.got.plt)
 *(.got)

.ramtext
 *(.ramtext .ramtext.*)

.ddalign        0x00000008        0x0 load address 0x800032b0
                0x00000008                . = ALIGN (0x8)

.data           0x00000008        0x1 load address 0x800032b0
 *(.data .data.* .gnu.linkonce.d.*)
 .data.update_timer
                0x00000008        0x1 src/TC_driver.o
                0x00000008                update_timer
 *(.gnu.linkonce.d.*personality*)

.data1
 *(.data1)

.balign         0x00000009        0x7 load address 0x800032b1
                0x00000010                . = ALIGN (0x8)
 *fill*         0x00000009        0x7 
                0x00000010                PROVIDE (_edata, .)
                0x00000010                PROVIDE (edata, .)
                0x00000010                __bss_start = .

.bss            0x00000010       0xf8
 *(.dynbss)
 *(.bss .bss.* .gnu.linkonce.b.*)
 .bss.timer_running
                0x00000010        0x1 src/stopwatch.o
                0x00000010                timer_running
 *fill*         0x00000011        0x3 
 .bss.centa_s   0x00000014        0x4 src/TC_driver.o
                0x00000014                centa_s
 .bss._int_line_handler_table_0
                0x00000018        0x4 src/ASF/avr32/drivers/intc/intc.o
 .bss._int_line_handler_table_1
                0x0000001c       0x2c src/ASF/avr32/drivers/intc/intc.o
 .bss._int_line_handler_table_2
                0x00000048       0x38 src/ASF/avr32/drivers/intc/intc.o
 .bss._int_line_handler_table_3
                0x00000080       0x3c src/ASF/avr32/drivers/intc/intc.o
 .bss._int_line_handler_table_4
                0x000000bc        0x4 src/ASF/avr32/drivers/intc/intc.o
 .bss._int_line_handler_table_5
                0x000000c0        0x4 src/ASF/avr32/drivers/intc/intc.o
 .bss._int_line_handler_table_6
                0x000000c4        0x4 src/ASF/avr32/drivers/intc/intc.o
 .bss._int_line_handler_table_7
                0x000000c8        0x4 src/ASF/avr32/drivers/intc/intc.o
 .bss._int_line_handler_table_8
                0x000000cc        0x4 src/ASF/avr32/drivers/intc/intc.o
 .bss._int_line_handler_table_9
                0x000000d0        0x4 src/ASF/avr32/drivers/intc/intc.o
 .bss._int_line_handler_table_10
                0x000000d4        0x4 src/ASF/avr32/drivers/intc/intc.o
 .bss._int_line_handler_table_11
                0x000000d8        0x4 src/ASF/avr32/drivers/intc/intc.o
 .bss._int_line_handler_table_12
                0x000000dc        0x4 src/ASF/avr32/drivers/intc/intc.o
 .bss._int_line_handler_table_13
                0x000000e0        0x4 src/ASF/avr32/drivers/intc/intc.o
 .bss._int_line_handler_table_14
                0x000000e4        0xc src/ASF/avr32/drivers/intc/intc.o
 .bss._int_line_handler_table_15
                0x000000f0        0x4 src/ASF/avr32/drivers/intc/intc.o
 .bss._int_line_handler_table_16
                0x000000f4        0x4 src/ASF/avr32/drivers/intc/intc.o
 .bss._int_line_handler_table_17
                0x000000f8        0x4 src/ASF/avr32/drivers/intc/intc.o
 .bss._int_line_handler_table_18
                0x000000fc        0x4 src/ASF/avr32/drivers/intc/intc.o
 .bss._int_line_handler_table_19
                0x00000100        0x4 src/ASF/avr32/drivers/intc/intc.o
 *(COMMON)
                0x00000108                . = ALIGN (0x8)
 *fill*         0x00000104        0x4 
                0x00000108                . = ALIGN (0x8)
                0x00000108                _end = .
                0x00000108                PROVIDE (end, .)
                0x00000108                __heap_start__ = ALIGN (0x8)

.heap           0x00000108     0xeef8
 *(.heap)
                0x0000eef8                . = (__heap_size__ == __max_heap_size__)?(((ORIGIN (INTRAM) + 0xfffc) - __stack_size__) - ABSOLUTE (.)):__heap_size__
 *fill*         0x00000108     0xeef8 
                0x0000f000                __heap_end__ = .

.stab
 *(.stab)

.stabstr
 *(.stabstr)

.stab.excl
 *(.stab.excl)

.stab.exclstr
 *(.stab.exclstr)

.stab.index
 *(.stab.index)

.stab.indexstr
 *(.stab.indexstr)

.comment        0x00000000       0x30
 *(.comment)
 .comment       0x00000000       0x30 src/ASF/avr32/drivers/tc/tc.o
                                 0x31 (size before relaxing)
 .comment       0x00000000       0x31 src/stopwatch.o
 .comment       0x00000000       0x31 src/TC_driver.o
 .comment       0x00000000       0x31 src/USART_driver.o
 .comment       0x00000000       0x31 src/ASF/avr32/drivers/intc/intc.o
 .comment       0x00000000       0x31 src/main.o

.debug
 *(.debug)

.line
 *(.line)

.debug_srcinfo
 *(.debug_srcinfo)

.debug_sfnames
 *(.debug_sfnames)

.debug_aranges  0x00000000      0x258
 *(.debug_aranges)
 .debug_aranges
                0x00000000       0xb0 src/ASF/avr32/drivers/tc/tc.o
 .debug_aranges
                0x000000b0       0x50 src/stopwatch.o
 .debug_aranges
                0x00000100       0x30 src/TC_driver.o
 .debug_aranges
                0x00000130       0x58 src/USART_driver.o
 .debug_aranges
                0x00000188       0x20 src/ASF/avr32/drivers/intc/exception.o
 .debug_aranges
                0x000001a8       0x40 src/ASF/avr32/drivers/intc/intc.o
 .debug_aranges
                0x000001e8       0x28 src/ASF/avr32/utils/startup/startup_uc3.o
 .debug_aranges
                0x00000210       0x20 src/ASF/avr32/utils/startup/trampoline_uc3.o
 .debug_aranges
                0x00000230       0x28 src/main.o

.debug_pubnames
                0x00000000      0x365
 *(.debug_pubnames)
 .debug_pubnames
                0x00000000      0x164 src/ASF/avr32/drivers/tc/tc.o
 .debug_pubnames
                0x00000164       0x8e src/stopwatch.o
 .debug_pubnames
                0x000001f2       0x4b src/TC_driver.o
 .debug_pubnames
                0x0000023d       0xa0 src/USART_driver.o
 .debug_pubnames
                0x000002dd       0x62 src/ASF/avr32/drivers/intc/intc.o
 .debug_pubnames
                0x0000033f       0x26 src/main.o

.debug_info     0x00000000     0x70b3
 *(.debug_info .gnu.linkonce.wi.*)
 .debug_info    0x00000000     0x117d src/ASF/avr32/drivers/tc/tc.o
 .debug_info    0x0000117d     0x16d3 src/stopwatch.o
 .debug_info    0x00002850      0xd06 src/TC_driver.o
 .debug_info    0x00003556     0x1771 src/USART_driver.o
 .debug_info    0x00004cc7       0x8c src/ASF/avr32/drivers/intc/exception.o
 .debug_info    0x00004d53      0x5b2 src/ASF/avr32/drivers/intc/intc.o
 .debug_info    0x00005305       0x8b src/ASF/avr32/utils/startup/startup_uc3.o
 .debug_info    0x00005390       0x92 src/ASF/avr32/utils/startup/trampoline_uc3.o
 .debug_info    0x00005422     0x1c91 src/main.o

.debug_abbrev   0x00000000      0xb09
 *(.debug_abbrev)
 .debug_abbrev  0x00000000      0x21f src/ASF/avr32/drivers/tc/tc.o
 .debug_abbrev  0x0000021f      0x1ab src/stopwatch.o
 .debug_abbrev  0x000003ca      0x1ed src/TC_driver.o
 .debug_abbrev  0x000005b7      0x1c6 src/USART_driver.o
 .debug_abbrev  0x0000077d       0x14 src/ASF/avr32/drivers/intc/exception.o
 .debug_abbrev  0x00000791      0x1b6 src/ASF/avr32/drivers/intc/intc.o
 .debug_abbrev  0x00000947       0x12 src/ASF/avr32/utils/startup/startup_uc3.o
 .debug_abbrev  0x00000959       0x14 src/ASF/avr32/utils/startup/trampoline_uc3.o
 .debug_abbrev  0x0000096d      0x19c src/main.o

.debug_line     0x00000000     0x2e2c
 *(.debug_line)
 .debug_line    0x00000000      0x839 src/ASF/avr32/drivers/tc/tc.o
 .debug_line    0x00000839      0x758 src/stopwatch.o
 .debug_line    0x00000f91      0x6f9 src/TC_driver.o
 .debug_line    0x0000168a      0x768 src/USART_driver.o
 .debug_line    0x00001df2      0x109 src/ASF/avr32/drivers/intc/exception.o
 .debug_line    0x00001efb      0x6a9 src/ASF/avr32/drivers/intc/intc.o
 .debug_line    0x000025a4       0xf2 src/ASF/avr32/utils/startup/startup_uc3.o
 .debug_line    0x00002696       0x67 src/ASF/avr32/utils/startup/trampoline_uc3.o
 .debug_line    0x000026fd      0x72f src/main.o

.debug_frame    0x00000000      0x53c
 *(.debug_frame)
 .debug_frame   0x00000000      0x224 src/ASF/avr32/drivers/tc/tc.o
 .debug_frame   0x00000224       0xd8 src/stopwatch.o
 .debug_frame   0x000002fc       0x64 src/TC_driver.o
 .debug_frame   0x00000360       0xf0 src/USART_driver.o
 .debug_frame   0x00000450       0x9c src/ASF/avr32/drivers/intc/intc.o
 .debug_frame   0x000004ec       0x50 src/main.o

.debug_str      0x00000000      0xea7
 *(.debug_str)
 .debug_str     0x00000000      0x469 src/ASF/avr32/drivers/tc/tc.o
                                0x4c9 (size before relaxing)
 .debug_str     0x00000469      0x566 src/stopwatch.o
                                0x682 (size before relaxing)
 .debug_str     0x000009cf       0x6d src/TC_driver.o
                                0x3bc (size before relaxing)
 .debug_str     0x00000a3c       0xc1 src/USART_driver.o
                                0x698 (size before relaxing)
 .debug_str     0x00000afd      0x383 src/ASF/avr32/drivers/intc/intc.o
                                0x47c (size before relaxing)
 .debug_str     0x00000e80       0x27 src/main.o
                                0x723 (size before relaxing)

.debug_loc      0x00000000      0x764
 *(.debug_loc)
 .debug_loc     0x00000000      0x331 src/ASF/avr32/drivers/tc/tc.o
 .debug_loc     0x00000331      0x12d src/stopwatch.o
 .debug_loc     0x0000045e       0x81 src/TC_driver.o
 .debug_loc     0x000004df      0x158 src/USART_driver.o
 .debug_loc     0x00000637       0xd7 src/ASF/avr32/drivers/intc/intc.o
 .debug_loc     0x0000070e       0x56 src/main.o

.debug_macinfo  0x00000000   0x594026
 *(.debug_macinfo)
 .debug_macinfo
                0x00000000    0xece52 src/ASF/avr32/drivers/tc/tc.o
 .debug_macinfo
                0x000ece52    0xeeb41 src/stopwatch.o
 .debug_macinfo
                0x001db993    0xee8a5 src/TC_driver.o
 .debug_macinfo
                0x002ca238    0xedf88 src/USART_driver.o
 .debug_macinfo
                0x003b81c0    0xec81a src/ASF/avr32/drivers/intc/intc.o
 .debug_macinfo
                0x004a49da    0xef64c src/main.o

.debug_weaknames
 *(.debug_weaknames)

.debug_funcnames
 *(.debug_funcnames)

.debug_typenames
 *(.debug_typenames)

.debug_varnames
 *(.debug_varnames)

.stack          0x0000f000     0x1000
                0x0000f000                _stack = .
 *(.stack)
                0x00001000                . = __stack_size__
 *fill*         0x0000f000     0x1000 
                0x00010000                _estack = .

.userpage
 *(.userpage .userpage.*)

/DISCARD/
 *(.note.GNU-stack)
OUTPUT(Lab3.elf elf32-avr32)

.debug_ranges   0x00000000      0x1e0
 .debug_ranges  0x00000000       0xa8 src/ASF/avr32/drivers/tc/tc.o
 .debug_ranges  0x000000a8       0x48 src/stopwatch.o
 .debug_ranges  0x000000f0       0x28 src/TC_driver.o
 .debug_ranges  0x00000118       0x50 src/USART_driver.o
 .debug_ranges  0x00000168       0x38 src/ASF/avr32/drivers/intc/intc.o
 .debug_ranges  0x000001a0       0x20 src/ASF/avr32/utils/startup/startup_uc3.o
 .debug_ranges  0x000001c0       0x20 src/main.o
